[{"item_id": 1, "name": "Item1", "seller": {"id": 1, "user": {"id": 1, "last_login": null, "is_superuser": false, "username": "testusername1", "first_name": "", "last_name": "", "email": "testemail1", "is_staff": false, "is_active": true, "date_joined": "04/22/2020, 00:00:01"}, "phone": "testphone1"}, "description": "Description1", "price": 1.00, "quantity": 1, "image": "/media/item_image/default/No_Image.jpg", "date_uploaded": "04/22/2020"}, {"item_id": 2, "name": "Item2", "seller": {"id": 1, "user": {"id": 1, "last_login": null, "is_superuser": false, "username": "testusername1", "first_name": "", "last_name": "", "email": "testemail1", "is_staff": false, "is_active": true, "date_joined": "04/22/2020, 00:00:01"}, "phone": "testphone1"}, "description": "Description2", "price": 2.00, "quantity": 2, "image": "/media/item_image/default/No_Image.jpg", "date_uploaded": "04/22/2020"}]